MPLINK 5.09, LINKER
Linker Map File - Created Mon Oct 27 17:46:46 2025

                                 Section Info
                  Section       Type    Address   Location Size(Bytes)
                ---------  ---------  ---------  ---------  ---------
                   .org_0       code   0x000000    program   0x000052
                   .cinit    romdata   0x000052    program   0x000002
.config_300001_BUILD/DEFAULT/PRODUCTION/TEMP.O    romdata   0x300001    program   0x000001
.config_300003_BUILD/DEFAULT/PRODUCTION/TEMP.O    romdata   0x300003    program   0x000001
.config_300006_BUILD/DEFAULT/PRODUCTION/TEMP.O    romdata   0x300006    program   0x000001



                              Program Memory Usage 
                               Start         End      
                           ---------   ---------      
                            0x000000    0x000053      
                            0x300001    0x300001      
                            0x300003    0x300003      
                            0x300006    0x300006      
            87 out of 33048 program addresses used, program memory utilization is 0%



                              Symbols - Sorted by Name
                     Name    Address   Location    Storage File                     
                ---------  ---------  ---------  --------- ---------                
                  _1LOOP1   0x00003c    program     static C:\Users\Seana\MPLABXProjects\temp.X\temp.asm
                  _1LOOP2   0x000038    program     static C:\Users\Seana\MPLABXProjects\temp.X\temp.asm
            check_process   0x000012    program     static C:\Users\Seana\MPLABXProjects\temp.X\temp.asm
                      int   0x000000    program     static C:\Users\Seana\MPLABXProjects\temp.X\temp.asm
                  lightup   0x000018    program     static C:\Users\Seana\MPLABXProjects\temp.X\temp.asm
                    start   0x000000    program     static C:\Users\Seana\MPLABXProjects\temp.X\temp.asm



                              Symbols - Sorted by Address
                     Name    Address   Location    Storage File                     
                ---------  ---------  ---------  --------- ---------                
                      int   0x000000    program     static C:\Users\Seana\MPLABXProjects\temp.X\temp.asm
                    start   0x000000    program     static C:\Users\Seana\MPLABXProjects\temp.X\temp.asm
            check_process   0x000012    program     static C:\Users\Seana\MPLABXProjects\temp.X\temp.asm
                  lightup   0x000018    program     static C:\Users\Seana\MPLABXProjects\temp.X\temp.asm
                  _1LOOP2   0x000038    program     static C:\Users\Seana\MPLABXProjects\temp.X\temp.asm
                  _1LOOP1   0x00003c    program     static C:\Users\Seana\MPLABXProjects\temp.X\temp.asm


