MPLINK 5.09, LINKER
Linker Map File - Created Thu Oct 09 10:41:14 2025

                                 Section Info
                  Section       Type    Address   Location Size(Bytes)
                ---------  ---------  ---------  ---------  ---------
                   .org_0       code   0x000000    program   0x000078
                   .cinit    romdata   0x000078    program   0x000002
.config_300001_BUILD/DEFAULT/DEBUG/HARD.O    romdata   0x300001    program   0x000001
.config_300003_BUILD/DEFAULT/DEBUG/HARD.O    romdata   0x300003    program   0x000001



                              Program Memory Usage 
                               Start         End      
                           ---------   ---------      
                            0x000000    0x000079      
                            0x300001    0x300001      
                            0x300003    0x300003      
            124 out of 33048 program addresses used, program memory utilization is 0%



                              Symbols - Sorted by Name
                     Name    Address   Location    Storage File                     
                ---------  ---------  ---------  --------- ---------                
                  compare   0x000064    program     static C:\Users\Seana\MPLABXProjects\lab4.X\hard.asm
                  div_fin   0x00004e    program     static C:\Users\Seana\MPLABXProjects\lab4.X\hard.asm
                 div_init   0x000026    program     static C:\Users\Seana\MPLABXProjects\lab4.X\hard.asm
                 division   0x000038    program     static C:\Users\Seana\MPLABXProjects\lab4.X\hard.asm
                   finish   0x000076    program     static C:\Users\Seana\MPLABXProjects\lab4.X\hard.asm
                  initial   0x000000    program     static C:\Users\Seana\MPLABXProjects\lab4.X\hard.asm
               newtonSqrt   0x00001e    program     static C:\Users\Seana\MPLABXProjects\lab4.X\hard.asm



                              Symbols - Sorted by Address
                     Name    Address   Location    Storage File                     
                ---------  ---------  ---------  --------- ---------                
                  initial   0x000000    program     static C:\Users\Seana\MPLABXProjects\lab4.X\hard.asm
               newtonSqrt   0x00001e    program     static C:\Users\Seana\MPLABXProjects\lab4.X\hard.asm
                 div_init   0x000026    program     static C:\Users\Seana\MPLABXProjects\lab4.X\hard.asm
                 division   0x000038    program     static C:\Users\Seana\MPLABXProjects\lab4.X\hard.asm
                  div_fin   0x00004e    program     static C:\Users\Seana\MPLABXProjects\lab4.X\hard.asm
                  compare   0x000064    program     static C:\Users\Seana\MPLABXProjects\lab4.X\hard.asm
                   finish   0x000076    program     static C:\Users\Seana\MPLABXProjects\lab4.X\hard.asm


